// Jest Snapshot v1, https://goo.gl/fbAQLP

exports[`<List/> Should component list items 1`] = `
<List
  changeOrder={[Function]}
  clickRemove={[Function]}
  items={
    Array [
      Object {
        "date": "15/04/2018",
        "id": 0,
        "timeSpent": "1:00",
        "workoutType": "Run",
      },
      Object {
        "date": "15/04/2018",
        "id": 1,
        "timeSpent": "0:30",
        "workoutType": "Run",
      },
    ]
  }
  orderBy={
    Object {
      "asc": true,
      "field": "teste",
    }
  }
>
  <table
    className="list"
  >
    <thead>
      <tr>
        <td>
          <OrderButton
            changeOrder={[Function]}
            fieldName="timeSpent"
            orderBy={
              Object {
                "asc": true,
                "field": "teste",
              }
            }
          >
            <div
              className="order-button"
              onClick={[Function]}
              onKeyPress={[Function]}
              role="presentation"
            >
              Tempo
            </div>
          </OrderButton>
        </td>
        <td>
          <OrderButton
            changeOrder={[Function]}
            fieldName="workoutType"
            orderBy={
              Object {
                "asc": true,
                "field": "teste",
              }
            }
          >
            <div
              className="order-button"
              onClick={[Function]}
              onKeyPress={[Function]}
              role="presentation"
            >
              Tipo
            </div>
          </OrderButton>
        </td>
        <td>
          <OrderButton
            changeOrder={[Function]}
            fieldName="date"
            orderBy={
              Object {
                "asc": true,
                "field": "teste",
              }
            }
          >
            <div
              className="order-button"
              onClick={[Function]}
              onKeyPress={[Function]}
              role="presentation"
            >
              Data
            </div>
          </OrderButton>
        </td>
        <td>
          Â 
        </td>
      </tr>
    </thead>
    <tbody>
      <ItemList
        item={
          Object {
            "date": "15/04/2018",
            "id": 0,
            "timeSpent": "1:00",
            "workoutType": "Run",
          }
        }
        key="0"
        onClickRemove={[Function]}
      >
        <tr
          className="item-list"
        >
          <td>
            1:00
          </td>
          <td>
            Run
          </td>
          <td>
            20/04/2015
          </td>
          <td>
            <div
              onClick={[Function]}
              onKeyPress={[Function]}
              role="presentation"
            >
              <IconTrash>
                <svg
                  height="18"
                  viewBox="0 0 24 24"
                  width="18"
                  xmlns="http://www.w3.org/2000/svg"
                >
                  <path
                    d="
  M3 6v18h18v-18h-18zm5 14c0 .552-.448 1-1 1s-1-.448-1-1v-10c0-.552.448-1 
  1-1s1 .448 1 1v10zm5 0c0 .552-.448 1-1 1s-1-.448-1-1v-10c0-.552.448-1 
  1-1s1 .448 1 1v10zm5 0c0 .552-.448 1-1 1s-1-.448-1-1v-10c0-.552.448-1 
  1-1s1 .448 1 1v10zm4-18v2h-20v-2h5.711c.9 0 1.631-1.099 1.631-2h5.315c0 
  .901.73 2 1.631 2h5.712z
"
                    fill="#f1f1f1"
                  />
                </svg>
              </IconTrash>
            </div>
          </td>
        </tr>
      </ItemList>
      <ItemList
        item={
          Object {
            "date": "15/04/2018",
            "id": 1,
            "timeSpent": "0:30",
            "workoutType": "Run",
          }
        }
        key="1"
        onClickRemove={[Function]}
      >
        <tr
          className="item-list"
        >
          <td>
            0:30
          </td>
          <td>
            Run
          </td>
          <td>
            20/04/2015
          </td>
          <td>
            <div
              onClick={[Function]}
              onKeyPress={[Function]}
              role="presentation"
            >
              <IconTrash>
                <svg
                  height="18"
                  viewBox="0 0 24 24"
                  width="18"
                  xmlns="http://www.w3.org/2000/svg"
                >
                  <path
                    d="
  M3 6v18h18v-18h-18zm5 14c0 .552-.448 1-1 1s-1-.448-1-1v-10c0-.552.448-1 
  1-1s1 .448 1 1v10zm5 0c0 .552-.448 1-1 1s-1-.448-1-1v-10c0-.552.448-1 
  1-1s1 .448 1 1v10zm5 0c0 .552-.448 1-1 1s-1-.448-1-1v-10c0-.552.448-1 
  1-1s1 .448 1 1v10zm4-18v2h-20v-2h5.711c.9 0 1.631-1.099 1.631-2h5.315c0 
  .901.73 2 1.631 2h5.712z
"
                    fill="#f1f1f1"
                  />
                </svg>
              </IconTrash>
            </div>
          </td>
        </tr>
      </ItemList>
    </tbody>
  </table>
</List>
`;
